==essential== 
ia32-libs
build-essential
openssl
libreadline6
libreadline6-dev
curl
git-core
zlib1g
zlib1g-dev
libssl-dev
libyaml-dev
libsqlite3-dev
sqlite3
libxml2-dev
libxslt-dev
autoconf
libc6-dev
ncurses-dev
automake
libtool
bison
subversion
pkg-config

==codecs==
ubuntu-restricted-extras
non-free-codecs
libdvdread4
devede
faac
faad
ffmpeg ffmpeg2theora
flac
icedax
id3v2
lame
libflac++6
libjpeg-progs
libmpeg3-1
mjpegtools
mp3gain
mpeg2dec
mpeg3-utils
mpegdemux
mpg123
mpg321
regionset
sox
uudeview
vorbis-tools
x264

==media==
sound-juicer
gnome-mplayer
vlc
vlc-plugin-pulse
audacity
openshot
shutter
kazam
xbmc

==games==

==files== 
arj
p7zip
p7zip-full
p7zip-rar
rar
unace-nonfree
sharutils
mpack
cabextract
file-roller

==utils==
ubuntu-tweak
gnome-tweak-tool 
gnome-sushi
nemo
samba samba-common
suld-driver-4.00.39 suld-configurator-2-qt4
cryptsetup unity-2d
libreoffice-pdfimport
conky-all

==apps==
bleachbit
skype
virtualbox-4.2
gimp
filezilla
dropbox
google-chrome-stable
openjdk-7-jre
icedtea-7-plugin

==dev==
vim
curl
ssh
git meld gitolite
ant
openjdk-7-jdk
dnsmasq
sublime-text

==webstack== 
apache2
python python-dev python-virtualenv
php5 php5-cli
mysql-server libmysql-ruby libmysqlclient-dev phpmyadmin
postgresql libpq-dev phppgadmin  
apache2-prefork-dev libcurl4-openssl-dev libapr1-dev libaprutil1-dev
python-software-properties
