==essential== 
ia32-libs
build-essential
openssl
libreadline6
libreadline6-dev
curl
git-core
zlib1g
zlib1g-dev
libssl-dev
libyaml-dev
libsqlite3-dev
sqlite3
libxml2-dev
libxslt-dev
autoconf
libc6-dev
ncurses-dev
automake
libtool
bison
subversion
pkg-config

==codecs==
ubuntu-restricted-extras
libdvdread4
libavformat-extra-53
libavcodec-extra-53

==media==
sound-juicer devede
gnome-mplayer
vlc vlc-plugin-pulse
audacity
openshot
shutter
kazam
ffmpeg
xfburn

==files== 
p7zip p7zip-full p7zip-rar
nemo nemo-share nemo-pastebin
samba samba-common
libreoffice-pdfimport

==utils==
ubuntu-tweak
gnome-tweak-tool 
suld-driver-4.00.39 suld-configurator-2-qt4
cryptsetup unity-2d
conky-all
tlp tlp-rdw

==apps==
bleachbit
skype
virtualbox-4.2
gimp
filezilla
nemo-dropbox dropbox
google-chrome-stable
oracle-java8-installer

==dev==
vim
curl
ssh
git meld nemo-rabbitvcs
sublime-text

==webstack== 
dnsmasq
apache2
python python-dev python-virtualenv
php5 php5-cli
mysql-server libmysql-ruby libmysqlclient-dev phpmyadmin
postgresql libpq-dev phppgadmin  
apache2-prefork-dev libcurl4-openssl-dev libapr1-dev libaprutil1-dev
python-software-properties